[oceanar.io/index.html]
[backblue.gif]
[fade.gif]
[index.html]
[oceanar.io/images/og/logo.png]
[mc.yandex.ru/metrika/watch.js]
[oceanar.io/images/background.jpg]
[oceanar.io/en.4.delayed]
[oceanar.io/es.5.delayed]
[oceanar.io/ru.6.delayed]
[oceanar.io/images/instagram.png]
[oceanar.io/images/logo.png]
[pagead2.googlesyndication.com/pagead/js/f.txt]
[oceanar.io/privacy.html]
[oceanar.io/contact.html]
[oceanar.io/terms.html]
[oceanar.io/changelog.html]
[oceanar.io/fonts/oceanar.ioc81e.ttf]
[oceanar.io/fonts/oceanar.ioc81e.woff]
[oceanar.io/js/script.min75b9.js]
[yastatic.net/es5-shims/0.0.2/es5-shims.min.js]
[yastatic.net/share2/share.js]
[connect.facebook.net/en_US/sdk.js]
[oceanar.io/index.html]
[oceanar.io/fonts/ubuntu.ttf]
[oceanar.io/fonts/days.ttf]
[platform.twitter.com/widgets.js]
[oceanar.io/css/style8774.css]
[oceanar.io/get.17.delayed]
[mc.yandex.ru/metrika/watch.js]
[oceanar.io/path=/index.html]
[oceanar.io/privacy.html]
[oceanar.io/terms.html]
[www.google.com/recaptcha/api.js]
[oceanar.io/contact.html]
[oceanar.io/changelog.html]
[yastatic.net/es5-shims/0.0.2/es5-shims.min.js]
[oceanar.io/yaShare2Popup.27.delayed]
[yastatic.net/share2/share.js]
[oceanar.io/ABCDEFGHIJKLMNOPQRSTUVWXYZabcdefghijklmnopqrstuvwxyz0123456789+/index.html]
[oceanar.io/restserver.28.delayed]
[oceanar.io/dialog/index.html]
[oceanar.io/%s/profile.294d6d.delayed]
[connect.facebook.net/en_US/sdk.js]
[oceanar.io/js/jquery.min.js]
[oceanar.io/path=/index.html]
[mc.yandex.ru/metrika/watch_match.html]
[oceanar.io/ABCDEFGHIJKLMNOPQRSTUVWXYZabcdefghijklmnopqrstuvwxyz0123456789+/index.html]
[oceanar.io/dialog/index.html]
